
  bytes   pages size description
--------- ----- ---- --------------------------------------------
  4784128   584 8192 allocating memory for b-tree...
  2072576   253 8192 allocating memory for virtual array...
   262144    32 8192 allocating memory for name pointers...
-----------------------------------------------------------------
  7118848            total memory allocated

Loading processor module C:\Program Files\IDA Professional 9.4\procs\pc.dll for metapc...OK
Loading type libraries...
Autoanalysis subsystem has been initialized.
Database for file 'main.exe' has been loaded.
Hex-Rays Decompiler plugin has been loaded (v9.4.0.260714)
  License: 14-0000-FFFF-88  (1 user)
  The hotkeys are F5: decompile, Ctrl-F5: decompile all.

  Please check the Edit/Plugins menu for more information.
Hex-rays version 9.4.0.260714 has been detected, gooMBA plugin ready to use
Using type parser: legacy
The decompiler assumes that the segment '.rdata' is read-only because of its NAME.
All data references to the segment will be replaced by constant values.
This may lead to drastic changes in the decompiler output.
If the segment is not read-only, please change the segment NAME.

In general, the decompiler checks the segment permissions, class, and name
to determine if it is read-only.
 -> OK
1400399F0: restored microcode from idb
1400399F0: restored pseudocode from idb
Wrote D:\.dev\.competitions\.ctf\PwnSec CTF 2026\reverse\Constellation\analysis\ida_session.txt
Flushing buffers, please wait...ok
Unloading IDP module C:\Program Files\IDA Professional 9.4\procs\pc.dll...